\BOOKMARK [0][-]{chapter.1}{\376\377\000S\000u\000b\000p\000a\000c\000k\000a\000g\000e\000s}{}% 1
\BOOKMARK [1][-]{section.1.1}{\376\377\000s\000r\000c\000.\000d\000a\000t\000a\000\137\000i\000n\000t\000a\000k\000e\000\040\000p\000a\000c\000k\000a\000g\000e}{chapter.1}% 2
\BOOKMARK [2][-]{subsection.1.1.1}{\376\377\000S\000u\000b\000p\000a\000c\000k\000a\000g\000e\000s}{section.1.1}% 3
\BOOKMARK [3][-]{subsubsection.1.1.1.1}{\376\377\000s\000r\000c\000.\000d\000a\000t\000a\000\137\000i\000n\000t\000a\000k\000e\000.\000d\000a\000t\000a\000\137\000i\000n\000t\000a\000k\000e\000\040\000p\000a\000c\000k\000a\000g\000e}{subsection.1.1.1}% 4
\BOOKMARK [4][-]{paragraph*.3}{\376\377\000S\000u\000b\000m\000o\000d\000u\000l\000e\000s}{subsubsection.1.1.1.1}% 5
\BOOKMARK [5][-]{subparagraph*.4}{\376\377\000s\000r\000c\000.\000d\000a\000t\000a\000\137\000i\000n\000t\000a\000k\000e\000.\000d\000a\000t\000a\000\137\000i\000n\000t\000a\000k\000e\000.\000C\000l\000i\000e\000n\000t\000\040\000m\000o\000d\000u\000l\000e}{paragraph*.3}% 6
\BOOKMARK [5][-]{subparagraph*.35}{\376\377\000s\000r\000c\000.\000d\000a\000t\000a\000\137\000i\000n\000t\000a\000k\000e\000.\000d\000a\000t\000a\000\137\000i\000n\000t\000a\000k\000e\000.\000N\000V\000R\000C\000o\000n\000n\000e\000c\000t\000i\000o\000n\000\040\000m\000o\000d\000u\000l\000e}{paragraph*.3}% 7
\BOOKMARK [5][-]{subparagraph*.83}{\376\377\000s\000r\000c\000.\000d\000a\000t\000a\000\137\000i\000n\000t\000a\000k\000e\000.\000d\000a\000t\000a\000\137\000i\000n\000t\000a\000k\000e\000.\000u\000t\000i\000l\000s\000\040\000m\000o\000d\000u\000l\000e}{paragraph*.3}% 8
\BOOKMARK [1][-]{section.1.2}{\376\377\000s\000r\000c\000.\000d\000a\000t\000a\000\137\000s\000t\000r\000e\000a\000m\000\040\000p\000a\000c\000k\000a\000g\000e}{chapter.1}% 9
\BOOKMARK [2][-]{subsection.1.2.1}{\376\377\000S\000u\000b\000m\000o\000d\000u\000l\000e\000s}{section.1.2}% 10
\BOOKMARK [3][-]{subsubsection.1.2.1.1}{\376\377\000s\000r\000c\000.\000d\000a\000t\000a\000\137\000s\000t\000r\000e\000a\000m\000.\000S\000t\000r\000e\000a\000m\000C\000o\000n\000v\000e\000r\000s\000i\000o\000n\000S\000e\000r\000v\000e\000r\000\040\000m\000o\000d\000u\000l\000e}{subsection.1.2.1}% 11
\BOOKMARK [1][-]{section.1.3}{\376\377\000s\000r\000c\000.\000d\000e\000e\000p\000\137\000s\000t\000r\000e\000a\000m\000\040\000p\000a\000c\000k\000a\000g\000e}{chapter.1}% 12
\BOOKMARK [2][-]{subsection.1.3.1}{\376\377\000S\000u\000b\000m\000o\000d\000u\000l\000e\000s}{section.1.3}% 13
\BOOKMARK [3][-]{subsubsection.1.3.1.1}{\376\377\000s\000r\000c\000.\000d\000e\000e\000p\000\137\000s\000t\000r\000e\000a\000m\000.\000a\000p\000i\000\040\000m\000o\000d\000u\000l\000e}{subsection.1.3.1}% 14
\BOOKMARK [3][-]{subsubsection.1.3.1.2}{\376\377\000s\000r\000c\000.\000d\000e\000e\000p\000\137\000s\000t\000r\000e\000a\000m\000.\000d\000e\000e\000p\000s\000t\000r\000e\000a\000m\000\040\000m\000o\000d\000u\000l\000e}{subsection.1.3.1}% 15
\BOOKMARK [1][-]{section.1.4}{\376\377\000s\000r\000c\000.\000m\000o\000d\000e\000l\000\137\000d\000e\000p\000l\000o\000y\000\040\000p\000a\000c\000k\000a\000g\000e}{chapter.1}% 16
\BOOKMARK [1][-]{section.1.5}{\376\377\000s\000r\000c\000.\000m\000o\000d\000e\000l\000\137\000t\000r\000a\000i\000n\000i\000n\000g\000\040\000p\000a\000c\000k\000a\000g\000e}{chapter.1}% 17
\BOOKMARK [2][-]{subsection.1.5.1}{\376\377\000S\000u\000b\000m\000o\000d\000u\000l\000e\000s}{section.1.5}% 18
\BOOKMARK [3][-]{subsubsection.1.5.1.1}{\376\377\000s\000r\000c\000.\000m\000o\000d\000e\000l\000\137\000t\000r\000a\000i\000n\000i\000n\000g\000.\000t\000r\000a\000i\000n\000e\000r\000\040\000m\000o\000d\000u\000l\000e}{subsection.1.5.1}% 19
\BOOKMARK [1][-]{section.1.6}{\376\377\000s\000r\000c\000.\000p\000i\000g\000\137\000s\000o\000r\000t\000i\000n\000g\000\137\000a\000p\000i\000\040\000p\000a\000c\000k\000a\000g\000e}{chapter.1}% 20
\BOOKMARK [2][-]{subsection.1.6.1}{\376\377\000S\000u\000b\000m\000o\000d\000u\000l\000e\000s}{section.1.6}% 21
\BOOKMARK [3][-]{subsubsection.1.6.1.1}{\376\377\000s\000r\000c\000.\000p\000i\000g\000\137\000s\000o\000r\000t\000i\000n\000g\000\137\000a\000p\000i\000.\000c\000l\000i\000e\000n\000t\000\040\000m\000o\000d\000u\000l\000e}{subsection.1.6.1}% 22
\BOOKMARK [3][-]{subsubsection.1.6.1.2}{\376\377\000s\000r\000c\000.\000p\000i\000g\000\137\000s\000o\000r\000t\000i\000n\000g\000\137\000a\000p\000i\000.\000m\000a\000i\000n\000\040\000m\000o\000d\000u\000l\000e}{subsection.1.6.1}% 23
\BOOKMARK [1][-]{section.1.7}{\376\377\000s\000r\000c\000.\000p\000i\000g\000\137\000s\000o\000r\000t\000i\000n\000g\000\137\000s\000t\000r\000e\000a\000m\000l\000i\000t\000\040\000p\000a\000c\000k\000a\000g\000e}{chapter.1}% 24
\BOOKMARK [2][-]{subsection.1.7.1}{\376\377\000S\000u\000b\000m\000o\000d\000u\000l\000e\000s}{section.1.7}% 25
\BOOKMARK [3][-]{subsubsection.1.7.1.1}{\376\377\000s\000r\000c\000.\000p\000i\000g\000\137\000s\000o\000r\000t\000i\000n\000g\000\137\000s\000t\000r\000e\000a\000m\000l\000i\000t\000.\000a\000p\000p\000\040\000m\000o\000d\000u\000l\000e}{subsection.1.7.1}% 26
\BOOKMARK [0][-]{section*.314}{\376\377\000P\000y\000t\000h\000o\000n\000\040\000M\000o\000d\000u\000l\000e\000\040\000I\000n\000d\000e\000x}{}% 27
\BOOKMARK [0][-]{section*.315}{\376\377\000I\000n\000d\000e\000x}{}% 28
